2025-11-07 10:26:17.122 | INFO     | __main__:main:169 - Using %s env backend with %d replicas
2025-11-07 10:26:30.916 | INFO     | __main__:main:169 - Using %s env backend with %d replicas
2025-11-07 10:26:33.324 | INFO     | __main__:main:173 - Starting H-PPO training
2025-11-07 10:26:34.540 | INFO     | __main__:_log_metrics:139 - iter=0000 reward=-107.7256 ESS=0.5934 clip_fraction=0.5469 entropy=-2.1429 explained_variance=0.0692 kl_approx=1.0056 loss_critic=618.8593 loss_entropy=0.0214 loss_objective=0.0021
2025-11-07 10:26:35.764 | INFO     | __main__:_log_metrics:139 - iter=0001 reward=-112.3562 ESS=0.6733 clip_fraction=0.4766 entropy=-2.0745 explained_variance=0.6284 kl_approx=0.1460 loss_critic=704.5643 loss_entropy=0.0207 loss_objective=-0.0059
2025-11-07 10:26:36.933 | INFO     | __main__:_log_metrics:139 - iter=0002 reward=-102.3994 ESS=0.4884 clip_fraction=0.8047 entropy=-3.1383 explained_variance=0.8303 kl_approx=1.6119 loss_critic=890.0281 loss_entropy=0.0314 loss_objective=0.4970
2025-11-07 10:26:38.139 | INFO     | __main__:_log_metrics:139 - iter=0003 reward=-97.6844 ESS=0.9045 clip_fraction=0.1641 entropy=-2.7405 explained_variance=0.8815 kl_approx=-0.0358 loss_critic=839.7443 loss_entropy=0.0274 loss_objective=-0.0094
2025-11-07 10:26:39.301 | INFO     | __main__:_log_metrics:139 - iter=0004 reward=-100.0717 ESS=0.9484 clip_fraction=0.1875 entropy=-2.6035 explained_variance=0.8232 kl_approx=0.0491 loss_critic=1144.8000 loss_entropy=0.0260 loss_objective=-0.0310
2025-11-07 10:26:40.607 | INFO     | __main__:_log_metrics:139 - iter=0005 reward=-120.4602 ESS=0.8871 clip_fraction=0.2656 entropy=-2.8710 explained_variance=0.8194 kl_approx=0.2419 loss_critic=1455.4644 loss_entropy=0.0287 loss_objective=-0.0032
2025-11-07 10:26:41.768 | INFO     | __main__:_log_metrics:139 - iter=0006 reward=-95.6814 ESS=0.9372 clip_fraction=0.0938 entropy=-2.5743 explained_variance=0.8759 kl_approx=0.0431 loss_critic=1403.4215 loss_entropy=0.0257 loss_objective=-0.0312
2025-11-07 10:26:42.987 | INFO     | __main__:_log_metrics:139 - iter=0007 reward=-96.9436 ESS=0.8725 clip_fraction=0.1797 entropy=-2.5303 explained_variance=0.9068 kl_approx=0.0833 loss_critic=1477.6836 loss_entropy=0.0253 loss_objective=-0.0071
2025-11-07 10:26:44.178 | INFO     | __main__:_log_metrics:139 - iter=0008 reward=-98.2469 ESS=0.9761 clip_fraction=0.1094 entropy=-2.8284 explained_variance=0.9290 kl_approx=0.0209 loss_critic=1728.2798 loss_entropy=0.0283 loss_objective=-0.0074
2025-11-07 10:26:45.374 | INFO     | __main__:_log_metrics:139 - iter=0009 reward=-114.3374 ESS=0.9095 clip_fraction=0.1953 entropy=-3.0396 explained_variance=0.8936 kl_approx=0.4992 loss_critic=2013.3593 loss_entropy=0.0304 loss_objective=-0.0092
2025-11-07 10:26:46.541 | INFO     | __main__:_log_metrics:139 - iter=0010 reward=-100.7275 ESS=0.9783 clip_fraction=0.1250 entropy=-3.0266 explained_variance=0.9305 kl_approx=0.0267 loss_critic=1856.8326 loss_entropy=0.0303 loss_objective=-0.0052
2025-11-07 10:26:47.726 | INFO     | __main__:_log_metrics:139 - iter=0011 reward=-111.2072 ESS=0.9870 clip_fraction=0.0469 entropy=-3.3115 explained_variance=0.8788 kl_approx=0.0326 loss_critic=2064.0627 loss_entropy=0.0331 loss_objective=-0.0015
2025-11-07 10:26:48.908 | INFO     | __main__:_log_metrics:139 - iter=0012 reward=-113.9904 ESS=0.9856 clip_fraction=0.0391 entropy=-3.2805 explained_variance=0.9039 kl_approx=0.0454 loss_critic=2290.2451 loss_entropy=0.0328 loss_objective=-0.0081
2025-11-07 10:26:50.058 | INFO     | __main__:_log_metrics:139 - iter=0013 reward=-109.1751 ESS=0.9506 clip_fraction=0.0625 entropy=-3.1804 explained_variance=0.9224 kl_approx=0.0029 loss_critic=2159.5776 loss_entropy=0.0318 loss_objective=-0.0136
2025-11-07 10:26:51.221 | INFO     | __main__:_log_metrics:139 - iter=0014 reward=-95.8943 ESS=0.6704 clip_fraction=0.1250 entropy=-2.9007 explained_variance=0.9101 kl_approx=0.0483 loss_critic=1824.6797 loss_entropy=0.0290 loss_objective=0.0068
2025-11-07 10:26:52.365 | INFO     | __main__:_log_metrics:139 - iter=0015 reward=-111.4826 ESS=0.9892 clip_fraction=0.0625 entropy=-3.2060 explained_variance=0.9448 kl_approx=0.0183 loss_critic=2562.6538 loss_entropy=0.0321 loss_objective=-0.0099
2025-11-07 10:26:53.549 | INFO     | __main__:_log_metrics:139 - iter=0016 reward=-99.8139 ESS=0.9753 clip_fraction=0.0469 entropy=-3.0846 explained_variance=0.9512 kl_approx=-0.0051 loss_critic=1870.2906 loss_entropy=0.0308 loss_objective=-0.0058
2025-11-07 10:26:54.749 | INFO     | __main__:_log_metrics:139 - iter=0017 reward=-105.4597 ESS=0.9802 clip_fraction=0.0625 entropy=-3.0127 explained_variance=0.9331 kl_approx=0.0415 loss_critic=2057.3645 loss_entropy=0.0301 loss_objective=-0.0144
2025-11-07 10:26:55.928 | INFO     | __main__:_log_metrics:139 - iter=0018 reward=-97.4410 ESS=0.9387 clip_fraction=0.1250 entropy=-2.7519 explained_variance=0.9067 kl_approx=-0.0334 loss_critic=2992.6152 loss_entropy=0.0275 loss_objective=-0.0409
2025-11-07 10:26:57.119 | INFO     | __main__:_log_metrics:139 - iter=0019 reward=-113.7583 ESS=0.9587 clip_fraction=0.1172 entropy=-3.1787 explained_variance=0.9437 kl_approx=0.1008 loss_critic=2734.4246 loss_entropy=0.0318 loss_objective=-0.0224
2025-11-07 10:26:58.309 | INFO     | __main__:_log_metrics:139 - iter=0020 reward=-102.9485 ESS=0.9507 clip_fraction=0.1172 entropy=-3.0992 explained_variance=0.9442 kl_approx=0.1663 loss_critic=2681.5344 loss_entropy=0.0310 loss_objective=0.0185
2025-11-07 10:26:59.471 | INFO     | __main__:_log_metrics:139 - iter=0021 reward=-111.7150 ESS=0.8708 clip_fraction=0.1172 entropy=-3.0798 explained_variance=0.9048 kl_approx=0.6262 loss_critic=2950.4622 loss_entropy=0.0308 loss_objective=0.0088
2025-11-07 10:27:00.667 | INFO     | __main__:_log_metrics:139 - iter=0022 reward=-89.0167 ESS=0.9897 clip_fraction=0.0547 entropy=-3.1085 explained_variance=0.9142 kl_approx=0.0130 loss_critic=2495.6477 loss_entropy=0.0311 loss_objective=-0.0065
2025-11-07 10:27:01.886 | INFO     | __main__:_log_metrics:139 - iter=0023 reward=-106.8327 ESS=0.9732 clip_fraction=0.0703 entropy=-3.1200 explained_variance=0.9293 kl_approx=0.0496 loss_critic=3146.9473 loss_entropy=0.0312 loss_objective=-0.0140
2025-11-07 10:27:03.082 | INFO     | __main__:_log_metrics:139 - iter=0024 reward=-113.9359 ESS=0.9647 clip_fraction=0.0781 entropy=-3.3130 explained_variance=0.9091 kl_approx=0.0988 loss_critic=3465.9060 loss_entropy=0.0331 loss_objective=-0.0204
2025-11-07 10:27:04.260 | INFO     | __main__:_log_metrics:139 - iter=0025 reward=-109.1638 ESS=0.8736 clip_fraction=0.1094 entropy=-3.1556 explained_variance=0.9393 kl_approx=0.0039 loss_critic=4064.3372 loss_entropy=0.0316 loss_objective=-0.0310
2025-11-07 10:27:05.496 | INFO     | __main__:_log_metrics:139 - iter=0026 reward=-112.8366 ESS=0.9714 clip_fraction=0.0781 entropy=-3.5500 explained_variance=0.9550 kl_approx=0.3769 loss_critic=2926.2324 loss_entropy=0.0355 loss_objective=-0.0001
2025-11-07 10:27:06.694 | INFO     | __main__:_log_metrics:139 - iter=0027 reward=-107.9197 ESS=0.8738 clip_fraction=0.0625 entropy=-3.4294 explained_variance=0.9550 kl_approx=0.0183 loss_critic=2377.7483 loss_entropy=0.0343 loss_objective=-0.0070
2025-11-07 10:27:07.862 | INFO     | __main__:_log_metrics:139 - iter=0028 reward=-85.9368 ESS=0.9756 clip_fraction=0.1016 entropy=-3.1931 explained_variance=0.9502 kl_approx=0.0511 loss_critic=3331.2505 loss_entropy=0.0319 loss_objective=-0.0223
2025-11-07 10:27:09.093 | INFO     | __main__:_log_metrics:139 - iter=0029 reward=-97.9880 ESS=0.9804 clip_fraction=0.0859 entropy=-3.4224 explained_variance=0.8910 kl_approx=0.0014 loss_critic=4046.6489 loss_entropy=0.0342 loss_objective=-0.0118
2025-11-07 10:27:10.338 | INFO     | __main__:_log_metrics:139 - iter=0030 reward=-114.7482 ESS=0.9701 clip_fraction=0.1094 entropy=-3.1550 explained_variance=0.8444 kl_approx=0.0667 loss_critic=3490.5618 loss_entropy=0.0315 loss_objective=-0.0055
2025-11-07 10:27:11.553 | INFO     | __main__:_log_metrics:139 - iter=0031 reward=-117.9236 ESS=0.8812 clip_fraction=0.0938 entropy=-3.1617 explained_variance=0.9469 kl_approx=0.3402 loss_critic=3231.7427 loss_entropy=0.0316 loss_objective=-0.0228
2025-11-07 10:27:12.717 | INFO     | __main__:_log_metrics:139 - iter=0032 reward=-102.1298 ESS=0.7130 clip_fraction=0.0703 entropy=-3.1087 explained_variance=0.9314 kl_approx=0.1564 loss_critic=2904.5603 loss_entropy=0.0311 loss_objective=-0.0218
2025-11-07 10:27:13.887 | INFO     | __main__:_log_metrics:139 - iter=0033 reward=-105.3104 ESS=0.9718 clip_fraction=0.0781 entropy=-3.1261 explained_variance=0.9269 kl_approx=0.0166 loss_critic=3208.1658 loss_entropy=0.0313 loss_objective=-0.0244
2025-11-07 10:27:15.117 | INFO     | __main__:_log_metrics:139 - iter=0034 reward=-100.2784 ESS=0.9863 clip_fraction=0.0391 entropy=-3.1115 explained_variance=0.9461 kl_approx=0.0230 loss_critic=3252.8276 loss_entropy=0.0311 loss_objective=0.0011
2025-11-07 10:27:16.298 | INFO     | __main__:_log_metrics:139 - iter=0035 reward=-109.7144 ESS=0.9733 clip_fraction=0.1172 entropy=-3.1202 explained_variance=0.9463 kl_approx=0.0091 loss_critic=2784.7642 loss_entropy=0.0312 loss_objective=-0.0229
2025-11-07 10:27:17.489 | INFO     | __main__:_log_metrics:139 - iter=0036 reward=-90.8633 ESS=0.9348 clip_fraction=0.0703 entropy=-2.8284 explained_variance=0.9261 kl_approx=0.0154 loss_critic=3207.1392 loss_entropy=0.0283 loss_objective=-0.0102
2025-11-07 10:27:18.687 | INFO     | __main__:_log_metrics:139 - iter=0037 reward=-93.4670 ESS=0.7228 clip_fraction=0.0859 entropy=-2.7029 explained_variance=0.8969 kl_approx=0.0594 loss_critic=3706.2007 loss_entropy=0.0270 loss_objective=-0.0176
2025-11-07 10:27:19.851 | INFO     | __main__:_log_metrics:139 - iter=0038 reward=-134.3023 ESS=0.9880 clip_fraction=0.0234 entropy=-3.1192 explained_variance=0.8694 kl_approx=0.0267 loss_critic=6474.2603 loss_entropy=0.0312 loss_objective=-0.0023
2025-11-07 10:27:21.648 | INFO     | __main__:_log_metrics:139 - iter=0039 reward=-133.7859 ESS=0.9655 clip_fraction=0.0781 entropy=-3.1251 explained_variance=0.9269 kl_approx=0.1650 loss_critic=5147.2930 loss_entropy=0.0313 loss_objective=-0.0114
2025-11-07 10:27:21.648 | INFO     | __main__:main:177 - Final PPO metrics: loss_objective=-0.0114, clip_fraction=0.0781, kl_approx=0.1650, entropy=-3.1251, loss_entropy=0.0313, loss_critic=5147.2930, explained_variance=0.9269, ESS=0.9655
2025-11-07 10:27:21.664 | INFO     | __main__:main:195 - Saved actor checkpoint to logs\checkpoints_cli\hppo_actor.pt
2025-11-07 10:27:21.664 | INFO     | __main__:main:196 - Saved critic checkpoint to logs\checkpoints_cli\hppo_critic.pt
